
jains@ShwetaMG MINGW64 ~/Desktop/Repo
$ git status
fatal: not a git repository (or any of the parent directories): .git

jains@ShwetaMG MINGW64 ~/Desktop/Repo
$ git init
Initialized empty Git repository in C:/Users/jains/Desktop/Repo/.git/

jains@ShwetaMG MINGW64 ~/Desktop/Repo (master)
$ git clone https://github.com/Shweta-MG/GitPractice.git
Cloning into 'GitPractice'...
warning: You appear to have cloned an empty repository.

jains@ShwetaMG MINGW64 ~/Desktop/Repo (master)
$ ls
GitPractice/

jains@ShwetaMG MINGW64 ~/Desktop/Repo (master)
$ cd GitPractice

jains@ShwetaMG MINGW64 ~/Desktop/Repo/GitPractice (main)
$ ls

jains@ShwetaMG MINGW64 ~/Desktop/Repo/GitPractice (main)
$ touch car.txt

jains@ShwetaMG MINGW64 ~/Desktop/Repo/GitPractice (main)
$ git status
On branch main

No commits yet

Untracked files:
  (use "git add <file>..." to include in what will be committed)
        car.txt

nothing added to commit but untracked files present (use "git add" to track)

jains@ShwetaMG MINGW64 ~/Desktop/Repo/GitPractice (main)
$ git add --all

jains@ShwetaMG MINGW64 ~/Desktop/Repo/GitPractice (main)
$ git commit -m 'Initial commit'
[main (root-commit) 2c67989] Initial commit
 1 file changed, 3 insertions(+)
 create mode 100644 car.txt

jains@ShwetaMG MINGW64 ~/Desktop/Repo/GitPractice (main)
$ touch fruits.txt

jains@ShwetaMG MINGW64 ~/Desktop/Repo/GitPractice (main)
$ git status
On branch main
Your branch is based on 'origin/main', but the upstream is gone.
  (use "git branch --unset-upstream" to fixup)

Untracked files:
  (use "git add <file>..." to include in what will be committed)
        fruits.txt

nothing added to commit but untracked files present (use "git add" to track)

jains@ShwetaMG MINGW64 ~/Desktop/Repo/GitPractice (main)
$ git add --all

jains@ShwetaMG MINGW64 ~/Desktop/Repo/GitPractice (main)
$ git commit -m 'Initial commit'
[main 6b7b317] Initial commit
 1 file changed, 3 insertions(+)
 create mode 100644 fruits.txt

jains@ShwetaMG MINGW64 ~/Desktop/Repo/GitPractice (main)
$ git status
On branch main
Your branch is based on 'origin/main', but the upstream is gone.
  (use "git branch --unset-upstream" to fixup)

Changes not staged for commit:
  (use "git add <file>..." to update what will be committed)
  (use "git restore <file>..." to discard changes in working directory)
        modified:   car.txt

no changes added to commit (use "git add" and/or "git commit -a")

jains@ShwetaMG MINGW64 ~/Desktop/Repo/GitPractice (main)
$ git add --all

jains@ShwetaMG MINGW64 ~/Desktop/Repo/GitPractice (main)
$ git commit -m 'Rearranged'
[main 7993231] Rearranged
 1 file changed, 1 insertion(+), 1 deletion(-)

jains@ShwetaMG MINGW64 ~/Desktop/Repo/GitPractice (main)
$ git status
On branch main
Your branch is based on 'origin/main', but the upstream is gone.
  (use "git branch --unset-upstream" to fixup)

nothing to commit, working tree clean

jains@ShwetaMG MINGW64 ~/Desktop/Repo/GitPractice (main)
$ git status
On branch main
Your branch is based on 'origin/main', but the upstream is gone.
  (use "git branch --unset-upstream" to fixup)

Changes not staged for commit:
  (use "git add <file>..." to update what will be committed)
  (use "git restore <file>..." to discard changes in working directory)
        modified:   fruits.txt

no changes added to commit (use "git add" and/or "git commit -a")

jains@ShwetaMG MINGW64 ~/Desktop/Repo/GitPractice (main)
$ git add --all

jains@ShwetaMG MINGW64 ~/Desktop/Repo/GitPractice (main)
$ git status
On branch main
Your branch is based on 'origin/main', but the upstream is gone.
  (use "git branch --unset-upstream" to fixup)

Changes to be committed:
  (use "git restore --staged <file>..." to unstage)
        modified:   fruits.txt


jains@ShwetaMG MINGW64 ~/Desktop/Repo/GitPractice (main)
$ got commit -m 'Rearraned fruits'
bash: got: command not found

jains@ShwetaMG MINGW64 ~/Desktop/Repo/GitPractice (main)
$ git commit -m 'Rearraned fruits'
[main 87aecfe] Rearraned fruits
 1 file changed, 2 insertions(+), 2 deletions(-)

jains@ShwetaMG MINGW64 ~/Desktop/Repo/GitPractice (main)
$ gi tlog
bash: gi: command not found

jains@ShwetaMG MINGW64 ~/Desktop/Repo/GitPractice (main)
$ got log
bash: got: command not found

jains@ShwetaMG MINGW64 ~/Desktop/Repo/GitPractice (main)
$ git log
commit 87aecfece0ce069e2923d112482831b94ee1219b (HEAD -> main)
Author: Shweta-MG <shweta.malav@gmail.com>
Date:   Sun May 21 12:30:50 2023 +0200

    Rearraned fruits

commit 79932310de5a5c6b3f68266f2e9a95afe1652b2d
Author: Shweta-MG <shweta.malav@gmail.com>
Date:   Sun May 21 12:30:04 2023 +0200

    Rearranged

commit 6b7b317e1022ac1fd8ec38d15a09a61a747bfd5c
Author: Shweta-MG <shweta.malav@gmail.com>
Date:   Sun May 21 12:29:30 2023 +0200

    Initial commit

commit 2c67989363258a73d70f51f70f47bf6df246f2ef
Author: Shweta-MG <shweta.malav@gmail.com>
Date:   Sun May 21 12:28:14 2023 +0200

    Initial commit

jains@ShwetaMG MINGW64 ~/Desktop/Repo/GitPractice (main)
$ git show 87aecfece0ce069e2923d112482831b94ee1219b
commit 87aecfece0ce069e2923d112482831b94ee1219b (HEAD -> main)
Author: Shweta-MG <shweta.malav@gmail.com>
Date:   Sun May 21 12:30:50 2023 +0200

    Rearraned fruits

diff --git a/fruits.txt b/fruits.txt
index fdcea6c..48adc0f 100644
--- a/fruits.txt
+++ b/fruits.txt
@@ -1,3 +1,3 @@
-Berry
 Tomato
-Mango
\ No newline at end of file
+Mango
+Berry

jains@ShwetaMG MINGW64 ~/Desktop/Repo/GitPractice (main)
$ touch command.txt